src/components/Board/Board.tsx(9,3): error TS2305: Module '"../../utils/brushRenderer"' has no exported member 'drawSelectionBox'.
src/components/Board/Board.tsx(15,36): error TS2554: Expected 0 arguments, but got 1.
src/components/Board/Board.tsx(16,40): error TS2554: Expected 0 arguments, but got 1.
src/components/Board/Board.tsx(52,33): error TS2339: Property 'setAlpha' does not exist on type 'PointSmoother'.
